<h1>Docker</h1>

<p>2016-04-03 00:39:29 Sunday</p>

<p><a href="https://www.docker.com/" target="_blank">https://www.docker.com/</a>&nbsp;|&nbsp;<a href="http://www.docker.org.cn/" target="_blank">http://www.docker.org.cn/</a></p>

<blockquote>
<p>Build, Ship, Run</p>
</blockquote>

<p>An open platform for distributed applications for developers and sysadmins</p>

<h2>æ¦‚å¿µ</h2>

<p>ç”¨ brew å®‰è£… docker å’Œ docker-machineã€‚docker-machine å‘½ä»¤æ˜¯ boot2docker å‘½ä»¤çš„æ›¿ä»£ï¼Œç”¨æ¥åˆ›å»ºå¹¶ç®¡ç† machineï¼Œä¾› docker å‘½ä»¤ä½¿ç”¨ã€‚</p>

<h2>å®‰è£…</h2>

<p>https://www.docker.com/products/docker-toolbox</p>

<p>brew å®‰è£…çš„ç‰ˆæœ¬ä¸å®˜ç½‘ä¸‹è½½çš„ç‰ˆæœ¬ä¸€è‡´ã€‚</p>

<pre>
$ brew install docker
==&gt; Downloading https://homebrew.bintray.com/bottles/docker-1.10.3.el_capitan.bottle.tar.gz
######################################################################## 100.0%
==&gt; Pouring docker-1.10.3.el_capitan.bottle.tar.gz
==&gt; Caveats
Bash completion has been installed to:
  /usr/local/etc/bash_completion.d

zsh completion has been installed to:
  /usr/local/share/zsh/site-functions
==&gt; Summary
ğŸº  /usr/local/Cellar/docker/1.10.3: 10 files, 11.2M</pre>

<pre>
$ docker -v
Docker version 1.10.3, build 20f81dd
</pre>

<pre>
$ brew install docker-machine
==&gt; Downloading https://homebrew.bintray.com/bottles/docker-machine-0.6.0.el_capitan.bottle.tar.gz
Already downloaded: /Library/Caches/Homebrew/docker-machine-0.6.0.el_capitan.bottle.tar.gz
==&gt; Pouring docker-machine-0.6.0.el_capitan.bottle.tar.gz
==&gt; Caveats
Bash completion has been installed to:
&nbsp; /usr/local/etc/bash_completion.d
==&gt; Summary
ğŸº &nbsp;/usr/local/Cellar/docker-machine/0.6.0: 5 files, 36.8M
</pre>

<h2>ä½¿ç”¨</h2>

<h3>Use Machine to run Docker containers</h3>

<p>https://docs.docker.com/machine/get-started/</p>

<h4>Prerequisites</h4>

<ul>
	<li>
	<p>Make sure you have&nbsp;<a href="https://www.virtualbox.org/wiki/Downloads" target="_blank">the latest VirtualBox</a>&nbsp;correctly installed on your system. If you used&nbsp;<a href="https://www.docker.com/products/docker-toolbox" target="_blank">Toolbox</a>&nbsp;for&nbsp;<a href="https://docs.docker.com/engine/installation/mac/" target="_blank">Mac</a>&nbsp;or&nbsp;<a href="https://docs.docker.com/engine/installation/windows/" target="_blank">Windows</a>&nbsp;to install Docker Machine, VirtualBox is automatically installed.</p>
	</li>
	<li>
	<p>If you used the Quickstart Terminal to launch your first machine and set your terminal environment to point to it, a default machine was automatically created. If this is the case, you can still follow along with these steps, but create another machine and name it something other than &ldquo;default&rdquo; (e.g., staging or sandbox).</p>
	</li>
</ul>

<p>æŸ¥çœ‹æ˜¯ç°æœ‰ machines</p>

<pre>
$ docker-machine ls
NAME &nbsp; ACTIVE &nbsp; DRIVER &nbsp; STATE &nbsp; URL &nbsp; SWARM &nbsp; DOCKER &nbsp; ERRORS
</pre>

<p>åˆ›å»º machine</p>

<pre>
$ docker-machine create --driver virtualbox default
Creating CA: ~/.docker/machine/certs/ca.pem
Creating client certificate: ~/.docker/machine/certs/cert.pem
Running pre-create checks...
(default) Image cache directory does not exist, creating it at ~/.docker/machine/cache...
(default) No default Boot2Docker ISO found locally, downloading the latest release...
(default) Latest release for github.com/boot2docker/boot2docker is v1.10.3
(default) Downloading ~/.docker/machine/cache/boot2docker.iso from https://github.com/boot2docker/boot2docker/releases/download/v1.10.3/boot2docker.iso...</pre>

<p>æ­¤å¤„è§†ç½‘é€Ÿä¼šåœæ»è®¸ä¹…ï¼Œä¸å¦‚æ‰‹åŠ¨ä¸‹è½½åæ”¾åˆ°&nbsp;~/.docker/machine/cache/boot2docker.iso</p>

<pre>
$ docker-machine create --driver virtualbox default
Running pre-create checks...
Creating machine...
(default) Copying ~/.docker/machine/cache/boot2docker.iso to ~/.docker/machine/machines/default/boot2docker.iso...
(default) Creating VirtualBox VM...
(default) Creating SSH key...
(default) Starting the VM...
(default) Check network to re-create if needed...
(default) Found a new host-only adapter: &quot;vboxnet1&quot;
(default) Waiting for an IP...
Waiting for machine to be running, this may take a few minutes...
Detecting operating system of created instance...
Waiting for SSH to be available...
Detecting the provisioner...
Provisioning with boot2docker...
Copying certs to the local machine directory...
Copying certs to the remote machine...
Setting Docker configuration on the remote daemon...
Checking connection to Docker...
Docker is up and running!
To see how to connect your Docker Client to the Docker Engine running on this virtual machine, run: docker-machine env default
</pre>

<p>å†æŸ¥çœ‹ machines å°±æœ‰äº†åˆšåˆ›å»ºçš„&nbsp;machine äº†</p>

<pre>
$ docker-machine ls
NAME &nbsp; &nbsp; &nbsp;ACTIVE &nbsp; DRIVER &nbsp; &nbsp; &nbsp; STATE &nbsp; &nbsp; URL &nbsp; &nbsp; &nbsp; &nbsp; &nbsp; &nbsp; &nbsp; &nbsp; &nbsp; &nbsp; &nbsp; &nbsp; SWARM &nbsp; DOCKER &nbsp; &nbsp;ERRORS
default &nbsp; - &nbsp; &nbsp; &nbsp; &nbsp;virtualbox &nbsp; Running &nbsp; tcp://192.168.99.100:2376 &nbsp; &nbsp; &nbsp; &nbsp; &nbsp; v1.10.3
</pre>

<p>æŸ¥çœ‹ default è¿™ä¸ª machine çš„ä¸€äº›ä¿¡æ¯</p>

<pre>
$ docker-machine env default
export DOCKER_TLS_VERIFY=&quot;1&quot;
export DOCKER_HOST=&quot;tcp://192.168.99.100:2376&quot;
export DOCKER_CERT_PATH=&quot;/Users/mlhch/.docker/machine/machines/default&quot;
export DOCKER_MACHINE_NAME=&quot;default&quot;
# Run this command to configure your shell:&nbsp;
# eval $(docker-machine env default)</pre>

<p>æŠŠä¸Šè¿°è¾“å‡ºå½“ä½œ bash è„šæœ¬æ‰§è¡Œåï¼Œå…¶ä¸­çš„ç¯å¢ƒå˜é‡å°±å¯ç”¨äº†</p>

<pre>
$ eval $(docker-machine env default)
</pre>

<p>ssh å°±è¿™æ ·ç™»å½•äº†ï¼Œä¸éœ€è¦ç”¨æˆ·åå’Œå¯†ç </p>

<pre>
$ docker-machine ssh
&nbsp; &nbsp; &nbsp; &nbsp; &nbsp; &nbsp; &nbsp; &nbsp; &nbsp; &nbsp; &nbsp; &nbsp; ## &nbsp; &nbsp; &nbsp; &nbsp; .
&nbsp; &nbsp; &nbsp; &nbsp; &nbsp; &nbsp; &nbsp; &nbsp; &nbsp; ## ## ## &nbsp; &nbsp; &nbsp; &nbsp;==
&nbsp; &nbsp; &nbsp; &nbsp; &nbsp; &nbsp; &nbsp; &nbsp;## ## ## ## ## &nbsp; &nbsp;===
&nbsp; &nbsp; &nbsp; &nbsp; &nbsp; &nbsp;/&quot;&quot;&quot;&quot;&quot;&quot;&quot;&quot;&quot;&quot;&quot;&quot;&quot;&quot;&quot;&quot;&quot;\___/ ===
&nbsp; &nbsp; &nbsp; ~~~ {~~ ~~~~ ~~~ ~~~~ ~~~ ~ / &nbsp;===- ~~~
&nbsp; &nbsp; &nbsp; &nbsp; &nbsp; &nbsp;\______ o &nbsp; &nbsp; &nbsp; &nbsp; &nbsp; __/
&nbsp; &nbsp; &nbsp; &nbsp; &nbsp; &nbsp; &nbsp;\ &nbsp; &nbsp;\ &nbsp; &nbsp; &nbsp; &nbsp; __/
&nbsp; &nbsp; &nbsp; &nbsp; &nbsp; &nbsp; &nbsp; \____\_______/
&nbsp;_ &nbsp; &nbsp; &nbsp; &nbsp; &nbsp; &nbsp; &nbsp; &nbsp; _ &nbsp; ____ &nbsp; &nbsp; _ &nbsp; &nbsp; &nbsp; &nbsp; &nbsp; &nbsp;_
| |__ &nbsp; ___ &nbsp; ___ | |_|___ \ __| | ___ &nbsp; ___| | _____ _ __
| &#39;_ \ / _ \ / _ \| __| __) / _` |/ _ \ / __| |/ / _ \ &#39;__|
| |_) | (_) | (_) | |_ / __/ (_| | (_) | (__| &nbsp; &lt; &nbsp;__/ |
|_.__/ \___/ \___/ \__|_____\__,_|\___/ \___|_|\_\___|_|
Boot2Docker version 1.10.3, build master : 625117e - Thu Mar 10 22:09:02 UTC 2016
Docker version 1.10.3, build 20f81dd</pre>

<h2>php-zendserver</h2>

<p>2016-04-04 22:35 Monday è€å©†å¸¦ç€æœµæœµè·Ÿç€å²³çˆ¶å²³æ¯å›äº†</p>

<p>https://hub.docker.com/_/php-zendserver/</p>

<pre>
$ docker pull php-zendserver
</pre>

<p>æ­¤æ­¥æ‰§è¡Œååˆ™å¯çœ‹åˆ°å¤šäº†ä¸€ä¸ª image f719</p>

<pre>
$ docker images
REPOSITORY &nbsp; &nbsp; &nbsp; &nbsp; &nbsp;TAG &nbsp; &nbsp; &nbsp; &nbsp; &nbsp; &nbsp; &nbsp; &nbsp; IMAGE ID &nbsp; &nbsp; &nbsp; &nbsp; &nbsp; &nbsp;CREATED &nbsp; &nbsp; &nbsp; &nbsp; &nbsp; &nbsp; SIZE
php-zendserver &nbsp; &nbsp; &nbsp;latest &nbsp; &nbsp; &nbsp; &nbsp; &nbsp; &nbsp; &nbsp;f7193503fb87 &nbsp; &nbsp; &nbsp; &nbsp;2 weeks ago &nbsp; &nbsp; &nbsp; &nbsp; 754.2 MB
nginx &nbsp; &nbsp; &nbsp; &nbsp; &nbsp; &nbsp; &nbsp; latest &nbsp; &nbsp; &nbsp; &nbsp; &nbsp; &nbsp; &nbsp;af4b3d7d5401 &nbsp; &nbsp; &nbsp; &nbsp;3 weeks ago &nbsp; &nbsp; &nbsp; &nbsp; 190.5 MB</pre>

<p>å¦‚ä¸‹å‘½ä»¤æ˜¯é˜»æ–­å¼çš„ï¼Œæ— æ³• Ctrl+C ç»“æŸï¼Œåªèƒ½é€šè¿‡ docker ps æŸ¥çœ‹åˆ°&nbsp;CONTAINER IDï¼Œç„¶å docker stop {CONTAINER ID} æ¥ç»ˆæ­¢ã€‚</p>

<pre>
$ docker run -p 88:80 -p 10088:10081 php-zendserver
Zend Server initialization result: success.
Zend Server is ready for use
Your application is available at http://172.17.0.2
To access Zend Server, navigate to http://172.17.0.2:10081
Your admin password is MzFhNzY1
</pre>

<p>æ­¤æ—¶çœŸæ­£èƒ½è®¿é—®çš„åœ°å€æ˜¯ http://`docker-machine ip`:88 å’Œ http://`docker-machine ip`:10088</p>

<p>å¯æƒœ&nbsp;YOUR ZEND SERVER LICENSE HAS EXPIRED.</p>

<h2>What is Docker Machine?</h2>

<blockquote>
<p>boot2docker -&gt; Docker Machine</p>

<p>https://github.com/boot2docker/boot2docker-cli -&gt; https://docs.docker.com/machine/</p>
</blockquote>

<p>Docker Machine is a tool that lets you install Docker Engine on virtual hosts, and manage the hosts with&nbsp;<code>docker-machine</code>&nbsp;commands. You can use Machine to create Docker hosts on your local Mac or Windows box, on your company network, in your data center, or on cloud providers like AWS or Digital Ocean.</p>

<p>Docker Machine æ˜¯ä¸€ä¸ªå·¥å…·ï¼Œç”¨æ¥åœ¨è™šæ‹Ÿæœºä¸Šå®‰è£…å¹¶ç®¡ç† Docker Engineã€‚</p>

<p>Using&nbsp;<code>docker-machine</code>&nbsp;commands, you can start, inspect, stop, and restart a managed host, upgrade the Docker client and daemon, and configure a Docker client to talk to your host.</p>

<p>ä½¿ç”¨ docker-machine å‘½ä»¤è¡Œï¼Œä½ å¯ä»¥å¯åŠ¨ï¼Œç›‘è§†ï¼Œåœæ­¢å’Œé‡å¯ä¸€ä¸ªè¢«ç®¡ç†çš„ä¸»æœºã€‚</p>

<p>Point the Machine CLI at a running, managed host, and you can run<code>docker</code>&nbsp;commands directly on that host. For example, run<code>docker-machine env default</code>&nbsp;to point to a host called&nbsp;<code>default</code>, follow on-screen instructions to complete&nbsp;<code>env</code>&nbsp;setup, and run&nbsp;<code>docker ps</code>,<code>docker run hello-world</code>, and so forth.</p>
