<h1>Nginx</h1>

<p>2012-08-11 23:18:15 +08:00 Saturday</p>

<p><a href="http://nginx.org/" target="_blank">http://nginx.org/</a></p>

<ul>
	<li>
	<p>2014-01-06 20:07 Monday æ—©ä¸Šå»ä¹°èœï¼Œä»å…µè¥è¥¿è¾¹ç»•å›</p>

	<p>2013-12-17&nbsp;<a href="http://nginx.org/en/download.html">nginx-1.5.8</a>&nbsp;mainline version has been released.<br />
	2013-11-19&nbsp;<a href="http://nginx.org/en/download.html">nginx-1.4.4</a>&nbsp;stable&nbsp;</p>
	</li>
	<li>
	<p>2012-11-17 22:20 æ˜ŸæœŸå…­</p>

	<p><a href="http://nginx.org/en/download.html">nginx-1.2.5</a>&nbsp;stable version has been released.</p>
	</li>
</ul>

<h2>Brew install nginx</h2>

<p>2014-01-06 20:13 Monday</p>

<pre>
$ brew install nginx
Error: nginx-1.2.4 already installed
To install this version, first `brew unlink nginx&#39;
</pre>

<p>æ­¤æ­¥å¹¶æœªåˆ é™¤ /usr/local/etc/nginx/ ä¸­çš„ç›¸å…³é…ç½®æ–‡ä»¶ï¼Œæ‰€ä»¥åŸæœ‰é…ç½®å¯ç»§ç»­ä½¿ç”¨</p>

<pre>
$ brew uninstall nginx
Uninstalling /usr/local/Cellar/nginx/1.2.4...
</pre>

<pre>
$ brew install nginx
==&gt; Installing nginx dependency: pcre
==&gt; Downloading http://downloads.sourceforge.net/project/pcre/pcre/8.34/pcre-8.34.tar.bz2
######################################################################## 100.0%
==&gt; ./configure --prefix=/usr/local/Cellar/pcre/8.34 --enable-utf8 --enable-unicode-properties --enable-pcregrep-libz --enable-pcregrep-libbz2 --e
==&gt; make
==&gt; make test
==&gt; make install
ğŸº  /usr/local/Cellar/pcre/8.34: 140 files, 4.1M, built in 81 seconds
==&gt; Installing nginx
==&gt; Downloading http://nginx.org/download/nginx-1.4.4.tar.gz
######################################################################## 100.0%
==&gt; ./configure --prefix=/usr/local/Cellar/nginx/1.4.4 --with-http_ssl_module --with-pcre --with-ipv6 --sbin-path=/usr/local/Cellar/nginx/1.4.4/bi
==&gt; make
==&gt; make install
==&gt; Caveats
Docroot is: /usr/local/var/www

The default port has been set in /usr/local/etc/nginx/nginx.conf to 8080 so that
nginx can run without sudo.

To have launchd start nginx at login:
    ln -sfv /usr/local/opt/nginx/*.plist ~/Library/LaunchAgents
Then to load nginx now:
    launchctl load ~/Library/LaunchAgents/homebrew.mxcl.nginx.plist
Or, if you don&#39;t want/need launchctl, you can just run:
    nginx
==&gt; Summary
ğŸº  /usr/local/Cellar/nginx/1.4.4: 7 files, 876K, built in 42 seconds
</pre>

<p>ç›´æ¥è¿è¡Œ nginx æç¤ºå¦‚ä¸‹é”™è¯¯ï¼Œä¸è¿‡ä¸ä¸¥é‡ï¼Œæ‰‹åŠ¨åˆ›å»º logs æ–‡ä»¶å¤¹åå³å¯æ­£å¸¸ä½¿ç”¨ã€‚</p>

<pre>
$ nginx
nginx: [emerg] open() &quot;/usr/local/Cellar/nginx/1.4.4/logs/error.log&quot; failed (2: No such file or directory)
</pre>

<pre>
$ mkdir /usr/local/Cellar/nginx/1.4.4/logs
</pre>

<pre>
$ nginx
$ ps aux|grep nginx
mlhch           16489   0.0  0.0  2432784    596 s001  S+    8:15ä¸‹åˆ   0:00.00 grep nginx
mlhch           16487   0.0  0.0  2445248    768   ??  S     8:15ä¸‹åˆ   0:00.00 nginx: worker process
mlhch           16486   0.0  0.0  2445052    320   ??  Ss    8:15ä¸‹åˆ   0:00.00 nginx: master process nginx
bogon:~ mlhch$ 
</pre>

<h2>Installation</h2>

<p>http://nginx.org/en/docs/install.html, è¿™ä¸ªä¸æ€ä¹ˆè¯¦ç»†</p>

<p>http://wiki.nginx.org/Install, è¿™é‡Œæ›´è¯¦ç»†</p>

<pre>
$ ./configure
checking for OS
+ Darwin 11.4.0 x86_64
checking for C compiler ... found
+ using GNU C compiler
+ gcc version: 4.2.1 (Based on Apple Inc. build 5658) (LLVM build 2336.1.00)
checking for gcc -pipe switch ... found
checking for gcc builtin atomic operations ... found
checking for C99 variadic macros ... found
checking for gcc variadic macros ... found
checking for unistd.h ... found
...
...

./configure: error: the HTTP rewrite module requires the PCRE library.
You can either disable the module by using --without-http_rewrite_module
option, or install the PCRE library into the system, or build the PCRE library
statically from the source with nginx by using --with-pcre=&lt;path&gt; option.
</pre>

<p>$ sudo port install pcre ä¹‹åå†æ¬¡ ./configureï¼Œé¡ºåˆ©é€šè¿‡</p>

<p>æ³¨æ„ï¼ŒCentOS ä¸‹é™¤äº† pcre å’Œ zlib å¤–ï¼Œè¿˜éœ€è¦ pcre-develï¼Œzlib-develï¼Œæ‰€ä»¥ç›´æ¥æ¥ä¸€ä¸ªå®Œæ•´çš„ï¼š$ yum install pcre pcre-devel zlib zlib-devel</p>

<p>CentOS 6.3 å·²ç»å†…ç½®äº† pcreï¼Œä½†æ²¡æœ‰ pcre-develï¼Œæœ‰ zlibï¼Œä½†æ²¡æœ‰ zlib-develã€‚</p>

<pre>
creating objs/Makefile

Configuration summary
&nbsp; + using system PCRE library
&nbsp; + OpenSSL library is not used
&nbsp; + md5: using system crypto library
&nbsp; + sha1: using system crypto library
&nbsp; + using system zlib library

&nbsp; nginx path prefix: &quot;/usr/local/nginx&quot;
&nbsp; nginx binary file: &quot;/usr/local/nginx/sbin/nginx&quot;
&nbsp; nginx configuration prefix: &quot;/usr/local/nginx/conf&quot;
&nbsp; nginx configuration file: &quot;/usr/local/nginx/conf/nginx.conf&quot;
&nbsp; nginx pid file: &quot;/usr/local/nginx/logs/nginx.pid&quot;
&nbsp; nginx error log file: &quot;/usr/local/nginx/logs/error.log&quot;
&nbsp; nginx http access log file: &quot;/usr/local/nginx/logs/access.log&quot;
&nbsp; nginx http client request body temporary files: &quot;client_body_temp&quot;
&nbsp; nginx http proxy temporary files: &quot;proxy_temp&quot;
&nbsp; nginx http fastcgi temporary files: &quot;fastcgi_temp&quot;
&nbsp; nginx http uwsgi temporary files: &quot;uwsgi_temp&quot;
&nbsp; nginx http scgi temporary files: &quot;scgi_temp&quot;</pre>

<p>æ¥ç€ make, sudo make installï¼Œsudo æ˜¯éœ€è¦çš„ï¼Œå› ä¸ºè¦åœ¨ /usr/local/nginx å†™å…¥ã€‚</p>

<p>2012-11-17 22:33</p>

<p>ç”¨ brew install nginx æ¯”è¾ƒçœäº‹ï¼Œå®Œäº† nginx.conf çš„ä½ç½®åœ¨ /usr/local/etc/nginx/nginx.conf</p>

<pre>
$ brew install nginx
==&gt; Installing nginx dependency: pcre
==&gt; Downloading ftp://ftp.csx.cam.ac.uk/pub/software/programming/pcre/pcre-8.31.tar.bz2
Already downloaded: /Library/Caches/Homebrew/pcre-8.31.tar.bz2
==&gt; ./configure --prefix=/usr/local/Cellar/pcre/8.31 --enable-utf8 --enable-unicode-properties --e
==&gt; make test
==&gt; make install
/usr/local/Cellar/pcre/8.31: 130 files, 3.2M, built in 40 seconds
==&gt; Installing nginx
==&gt; Downloading http://nginx.org/download/nginx-1.2.4.tar.gz
######################################################################## 100.0%
==&gt; Patching
patching file conf/nginx.conf
==&gt; ./configure --prefix=/usr/local/Cellar/nginx/1.2.4 --with-http_ssl_module --with-pcre --with-i
==&gt; make
==&gt; make install
==&gt; Caveats
In the interest of allowing you to run `nginx` without `sudo`, the default
port is set to localhost:8080.

If you want to host pages on your local machine to the public, you should
change that to localhost:80, and run `sudo nginx`. You&#39;ll need to turn off
any other web servers running port 80, of course.

You can start nginx automatically on login running as your user with:
&nbsp; mkdir -p ~/Library/LaunchAgents
&nbsp; cp /usr/local/Cellar/nginx/1.2.4/homebrew.mxcl.nginx.plist ~/Library/LaunchAgents/
&nbsp; launchctl load -w ~/Library/LaunchAgents/homebrew.mxcl.nginx.plist

Though note that if running as your user, the launch agent will fail if you
try to use a port below 1024 (such as http&#39;s default of 80.)
Warning: /usr/local/sbin is not in your PATH
You can amend this by altering your ~/.bashrc file
==&gt; Summary
/usr/local/Cellar/nginx/1.2.4: 9 files, 884K, built in 58 seconds</pre>

<p>å¦‚è¾“å‡ºæ‰€ç¤ºï¼Œnginx è¢«å®‰è£…åˆ°äº† /usr/local/sbinï¼Œä½† $PATH ä¸­æ²¡æœ‰è¿™ä¸ªç›®å½•ï¼Œæ‰€ä»¥éœ€è¦æ‰‹åŠ¨ç¼–è¾‘ ~/.bashrc æ–‡ä»¶</p>

<p>æŸ¥çœ‹ nginx help æ–‡æ¡£</p>

<pre>
$ ./sbin/nginx -h
nginx version: nginx/1.2.3
Usage: nginx [-?hvVtq] [-s signal] [-c filename] [-p prefix] [-g directives]

Options:
&nbsp; -?,-h&nbsp;&nbsp;&nbsp;&nbsp;&nbsp;&nbsp;&nbsp;&nbsp; : this help
&nbsp; -v&nbsp;&nbsp;&nbsp;&nbsp;&nbsp;&nbsp;&nbsp;&nbsp;&nbsp;&nbsp;&nbsp; : show version and exit
&nbsp; -V&nbsp;&nbsp;&nbsp;&nbsp;&nbsp;&nbsp;&nbsp;&nbsp;&nbsp;&nbsp;&nbsp; : show version and configure options then exit
&nbsp; -t&nbsp;&nbsp;&nbsp;&nbsp;&nbsp;&nbsp;&nbsp;&nbsp;&nbsp;&nbsp;&nbsp; : test configuration and exit
&nbsp; -q&nbsp;&nbsp;&nbsp;&nbsp;&nbsp;&nbsp;&nbsp;&nbsp;&nbsp;&nbsp;&nbsp; : suppress non-error messages during configuration testing
&nbsp; -s signal&nbsp;&nbsp;&nbsp;&nbsp; : send signal to a master process: stop, quit, reopen, reload
&nbsp; -p prefix&nbsp;&nbsp;&nbsp;&nbsp; : set prefix path (default: /usr/local/nginx/)
&nbsp; -c filename&nbsp;&nbsp; : set configuration file (default: conf/nginx.conf)
&nbsp; -g directives : set global directives out of configuration file</pre>

<h2>Configuration</h2>

<p>å¯åŠ¨ï¼š</p>

<pre>
$ cd /usr/local/nginx/
$ sudo ./sbin/nginx</pre>

<p>åœæ­¢</p>

<pre>
$ sudo ./sbin/nginx -s stop
</pre>

<p>æœ¬åœ° 80 ç«¯å£è¢«å ç”¨çš„æƒ…å†µä¸‹ï¼Œéœ€è¦æ›´æ”¹ /usr/local/nginx/conf/nginx.conf ä¸­ http.server.listen çš„å€¼ä¸ºå…¶ä»–å€¼ï¼Œç„¶åæ‰å¯ä»¥å¯åŠ¨æˆåŠŸå¹¶ä»æµè§ˆå™¨å¾—åˆ°éªŒè¯ã€‚å¯åŠ¨æˆåŠŸæ—¶é¡µé¢è¾“å‡ºä¸º</p>

<pre>
&lt;html&gt;
&lt;head&gt;
&lt;title&gt;Welcome to nginx!&lt;/title&gt;
&lt;/head&gt;
&lt;body bgcolor=&quot;white&quot; text=&quot;black&quot;&gt;
&lt;center&gt;&lt;h1&gt;Welcome to nginx!&lt;/h1&gt;&lt;/center&gt;
&lt;/body&gt;
&lt;/html&gt;
</pre>

<p>æ­¤å†…å®¹æ¥è‡ªäº /usr/local/nginx/html/index.html</p>

<h2>è¿›ä¸€æ­¥é…ç½®</h2>

<p>æ·»åŠ  http.server.location.autoindex ä¸º onï¼Œæ‰“å¼€è‡ªåŠ¨åˆ—è¡¨åŠŸèƒ½ã€‚</p>

<p>è°ƒæ•´ http.server.location.index çš„å€¼ index.html index.php çš„é¡ºåºå®ç°ç‰¹å®šç›®çš„ã€‚</p>

<p>ä¿®æ”¹ http.server çš„æ¯ä¸ª location.root çš„å€¼æ¥å®šä¹‰è‡ªå·±çš„ Web æ ¹ç›®å½•ã€‚</p>

<p>å¦‚æœæŠ¥ php ç¼ºå°‘æŸä¸ªæ‰©å±•ï¼Œé‚£ä¹ˆè§£å†³åŠæ³•æ˜¯é‡æ–°ç¼–è¯‘ phpï¼Œå¹¶åœ¨ ./configure æ—¶åŠ ä¸Šç›¸å…³å‚æ•°ï¼Œæ¯”å¦‚ --enable-mbstring ç­‰ç­‰ã€‚</p>

<p>&nbsp;</p>
